[0.0] EventGen: Published priority 0 Msg1
[0.0] Processor: Processing priority 0 Msg1
[0.3] EventGen: Published priority 1 Msg2
[0.6] EventGen: Published priority 1 Msg3
[0.9] EventGen: Published priority 0 Msg4
[1.2] EventGen: Published priority 0 Msg5
[1.5] Processor: Processing priority 0 Msg4
[1.5] EventGen: Published priority 1 Msg6
[1.8] EventGen: Published priority 1 Msg7
[2.1] EventGen: Published priority 0 Msg8
[2.4] EventGen: Published priority 0 Msg9
[2.7] EventGen: Published priority 0 Msg10
[3.0] EventGen: Published priority 1 Msg11
[3.0] Processor: Processing priority 0 Msg5
[3.3] EventGen: Published priority 1 Msg12
[3.6] EventGen: Published priority 0 Msg13
[3.9] EventGen: Published priority 0 Msg14
[4.2] EventGen: Published priority 1 Msg15
[4.5] EventGen: Published priority 0 Msg16
[4.5] Processor: Processing priority 0 Msg8
[4.8] EventGen: Published priority 0 Msg17
[5.1] EventGen: Published priority 1 Msg18
[5.4] EventGen: Published priority 1 Msg19
[5.7] EventGen: Published priority 0 Msg20
[6.0] EventGen: Published priority 0 Msg21
[6.0] Processor: Processing priority 0 Msg9
[6.3] EventGen: Published priority 1 Msg22
[6.6] EventGen: Published priority 1 Msg23
[6.9] EventGen: Published priority 1 Msg24
[7.2] EventGen: Published priority 0 Msg25
[7.5] EventGen: Published priority 0 Msg26
[7.5] Processor: Processing priority 0 Msg10
[7.8] EventGen: Published priority 1 Msg27
[8.1] EventGen: Published priority 0 Msg28
[8.4] EventGen: Published priority 0 Msg29
[8.7] EventGen: Published priority 0 Msg30
[9.0] Processor: Processing priority 0 Msg13
[9.0] EventGen: Published priority 0 Msg31
[9.3] EventGen: Published priority 0 Msg32
[9.6] EventGen: Published priority 0 Msg33
[9.9] EventGen: Published priority 1 Msg34
[10.2] EventGen: Published priority 0 Msg35
[10.5] Processor: Processing priority 0 Msg14
[10.5] EventGen: Published priority 1 Msg36
[10.8] EventGen: Published priority 1 Msg37
[11.1] EventGen: Published priority 1 Msg38
[11.4] EventGen: Published priority 0 Msg39
[11.7] EventGen: Published priority 1 Msg40
[12.0] Processor: Processing priority 0 Msg17
[12.0] EventGen: Published priority 0 Msg41
[12.3] EventGen: Published priority 0 Msg42
[12.6] EventGen: Published priority 0 Msg43
[12.9] EventGen: Published priority 1 Msg44
[13.2] EventGen: Published priority 0 Msg45
[13.5] Processor: Processing priority 0 Msg25
[13.5] EventGen: Published priority 0 Msg46
[13.8] EventGen: Published priority 0 Msg47
[14.1] EventGen: Published priority 0 Msg48
[14.4] EventGen: Published priority 0 Msg49
[14.7] EventGen: Published priority 0 Msg50
[15.0] Processor: Processing priority 0 Msg28
[15.0] EventGen: Published priority 0 Msg51
[15.3] EventGen: Published priority 0 Msg52
[15.6] EventGen: Published priority 1 Msg53
[15.9] EventGen: Published priority 1 Msg54
[16.2] EventGen: Published priority 0 Msg55
[16.5] Processor: Processing priority 0 Msg31
[16.5] EventGen: Published priority 1 Msg56
[16.8] EventGen: Published priority 1 Msg57
[17.1] EventGen: Published priority 1 Msg58
[17.4] EventGen: Published priority 0 Msg59
[17.7] EventGen: Published priority 0 Msg60
[18.0] Processor: Processing priority 0 Msg39
[18.0] EventGen: Published priority 0 Msg61
[18.3] EventGen: Published priority 1 Msg62
[18.6] EventGen: Published priority 1 Msg63
[18.9] EventGen: Published priority 1 Msg64
[19.2] EventGen: Published priority 1 Msg65
[19.5] Processor: Processing priority 0 Msg41
[19.5] EventGen: Published priority 0 Msg66
[19.8] EventGen: Published priority 1 Msg67

=== Priority Queue Statistics ===
Messages published: 67
Messages delivered: 28
Messages dropped by priority level: defaultdict(<class 'int'>, {1: 29, 0: 19})
Messages received: 14

Received by priority:
  Priority 0: 14
